{
  "h1text": "ASME",
  "h1style": "",
  "h1rect": {
    "x": 80,
    "y": 346.15625,
    "width": 260.40625,
    "height": 91.1875,
    "top": 346.15625,
    "right": 340.40625,
    "bottom": 437.34375,
    "left": 80
  },
  "mainRect": {
    "x": 0,
    "y": 0,
    "width": 1600,
    "height": 900,
    "top": 0,
    "right": 1600,
    "bottom": 900,
    "left": 0
  },
  "rowClass": "relative z-10 flex shrink-0 items-center justify-between border-b border-dashed border-white/15 px-6 py-4 md:px-10",
  "rowRect": {
    "x": 0,
    "y": 0,
    "width": 1600,
    "height": 57,
    "top": 0,
    "right": 1600,
    "bottom": 57,
    "left": 0
  }
}
